[matrix] start SPAgent-4B base run1 MindCube -> /home/haoming/reason_branch_0824/think3d_repro/outputs/logs/SPAgent-4B_base_run1_MindCube.log
[matrix] start SPAgent-4B base run1 VSIBench -> /home/haoming/reason_branch_0824/think3d_repro/outputs/logs/SPAgent-4B_base_run1_VSIBench.log
[matrix] start SPAgent-4B base run1 BLINK -> /home/haoming/reason_branch_0824/think3d_repro/outputs/logs/SPAgent-4B_base_run1_BLINK.log
[matrix] start SPAgent-4B think3d run1 MindCube -> /home/haoming/reason_branch_0824/think3d_repro/outputs/logs/SPAgent-4B_think3d_run1_MindCube.log
[matrix] start SPAgent-4B think3d run1 BLINK -> /home/haoming/reason_branch_0824/think3d_repro/outputs/logs/SPAgent-4B_think3d_run1_BLINK.log
[matrix] start SPAgent-4B think3d run1 VSIBench -> /home/haoming/reason_branch_0824/think3d_repro/outputs/logs/SPAgent-4B_think3d_run1_VSIBench.log
[matrix] done  SPAgent-4B think3d run1 MindCube (exit 0)
[matrix] start SPAgent-4B think3d run2 MindCube -> /home/haoming/reason_branch_0824/think3d_repro/outputs/logs/SPAgent-4B_think3d_run2_MindCube.log
[matrix] done  SPAgent-4B think3d run1 VSIBench (exit 0)
[matrix] start SPAgent-4B think3d run2 VSIBench -> /home/haoming/reason_branch_0824/think3d_repro/outputs/logs/SPAgent-4B_think3d_run2_VSIBench.log
[matrix] done  SPAgent-4B base run1 MindCube (exit 0)
[matrix] start SPAgent-4B base run2 MindCube -> /home/haoming/reason_branch_0824/think3d_repro/outputs/logs/SPAgent-4B_base_run2_MindCube.log
[matrix] done  SPAgent-4B base run1 VSIBench (exit 0)
[matrix] start SPAgent-4B base run2 VSIBench -> /home/haoming/reason_branch_0824/think3d_repro/outputs/logs/SPAgent-4B_base_run2_VSIBench.log
[matrix] done  SPAgent-4B base run1 BLINK (exit 0)
[matrix] start SPAgent-4B base run2 BLINK -> /home/haoming/reason_branch_0824/think3d_repro/outputs/logs/SPAgent-4B_base_run2_BLINK.log
[matrix] done  SPAgent-4B think3d run2 MindCube (exit 0)
[matrix] start SPAgent-4B think3d run3 MindCube -> /home/haoming/reason_branch_0824/think3d_repro/outputs/logs/SPAgent-4B_think3d_run3_MindCube.log
[matrix] done  SPAgent-4B base run2 VSIBench (exit 0)
[matrix] start SPAgent-4B base run3 VSIBench -> /home/haoming/reason_branch_0824/think3d_repro/outputs/logs/SPAgent-4B_base_run3_VSIBench.log
[matrix] done  SPAgent-4B think3d run2 VSIBench (exit 0)
[matrix] start SPAgent-4B think3d run3 VSIBench -> /home/haoming/reason_branch_0824/think3d_repro/outputs/logs/SPAgent-4B_think3d_run3_VSIBench.log
[matrix] done  SPAgent-4B base run2 MindCube (exit 0)
[matrix] start SPAgent-4B base run3 MindCube -> /home/haoming/reason_branch_0824/think3d_repro/outputs/logs/SPAgent-4B_base_run3_MindCube.log
[matrix] done  SPAgent-4B think3d run1 BLINK (exit 0)
[matrix] start SPAgent-4B think3d run2 BLINK -> /home/haoming/reason_branch_0824/think3d_repro/outputs/logs/SPAgent-4B_think3d_run2_BLINK.log
[matrix] done  SPAgent-4B think3d run3 MindCube (exit 0)
[matrix] done  SPAgent-4B base run3 MindCube (exit 0)
[matrix] done  SPAgent-4B base run2 BLINK (exit 0)
[matrix] start SPAgent-4B base run3 BLINK -> /home/haoming/reason_branch_0824/think3d_repro/outputs/logs/SPAgent-4B_base_run3_BLINK.log
[matrix] done  SPAgent-4B base run3 BLINK (exit 0)
[matrix] done  SPAgent-4B base run3 VSIBench (exit 0)
[matrix] done  SPAgent-4B think3d run3 VSIBench (exit 0)
[matrix] done  SPAgent-4B think3d run2 BLINK (exit 0)
[matrix] start SPAgent-4B think3d run3 BLINK -> /home/haoming/reason_branch_0824/think3d_repro/outputs/logs/SPAgent-4B_think3d_run3_BLINK.log
[matrix] done  SPAgent-4B think3d run3 BLINK (exit 0)
[matrix] ALL DONE for SPAgent-4B
